// Jest Snapshot v1, https://goo.gl/fbAQLP

exports[`Avatar should match snapshot 1`] = `
<div
  className="'avatar' "
>
  <div
    className="avatar__img"
  >
    <img
      alt=""
      src=""
    />
  </div>
  <span
    className="avatar__text"
  />
</div>
`;
